\BOOKMARK [0][-]{chapter.1}{\376\377\000I\000n\000t\000r\000o\000d\000u\000c\000t\000i\000o\000n}{}% 1
\BOOKMARK [1][-]{section.1.1}{\376\377\000M\000o\000t\000i\000v\000a\000t\000i\000o\000n}{chapter.1}% 2
\BOOKMARK [1][-]{section.1.2}{\376\377\000O\000b\000j\000e\000c\000t\000i\000v\000e\000s}{chapter.1}% 3
\BOOKMARK [1][-]{section.1.3}{\376\377\000R\000e\000p\000o\000r\000t\000\040\000s\000t\000r\000u\000c\000t\000u\000r\000e}{chapter.1}% 4
\BOOKMARK [0][-]{chapter.2}{\376\377\000R\000e\000l\000a\000t\000e\000d\000\040\000W\000o\000r\000k}{}% 5
\BOOKMARK [1][-]{section.2.1}{\376\377\000L\000i\000D\000A\000R\000\040\000f\000o\000r\000\040\000I\000n\000d\000o\000o\000r\000\040\000U\000A\000V\000\040\000P\000e\000r\000c\000e\000p\000t\000i\000o\000n}{chapter.2}% 6
\BOOKMARK [1][-]{section.2.2}{\376\377\000P\000o\000i\000n\000t\000\040\000C\000l\000o\000u\000d\000\040\000C\000l\000a\000s\000s\000i\000f\000i\000c\000a\000t\000i\000o\000n\000\040\000a\000n\000d\000\040\000S\000e\000m\000a\000n\000t\000i\000c\000\040\000S\000e\000g\000m\000e\000n\000t\000a\000t\000i\000o\000n}{chapter.2}% 7
\BOOKMARK [1][-]{section.2.3}{\376\377\000D\000e\000e\000p\000\040\000L\000e\000a\000r\000n\000i\000n\000g\000\040\000A\000r\000c\000h\000i\000t\000e\000c\000t\000u\000r\000e\000s\000\040\000f\000o\000r\000\040\000P\000o\000i\000n\000t\000\040\000C\000l\000o\000u\000d\000\040\000S\000e\000g\000m\000e\000n\000t\000a\000t\000i\000o\000n}{chapter.2}% 8
\BOOKMARK [2][-]{subsection.2.3.1}{\376\377\000P\000o\000i\000n\000t\000-\000B\000a\000s\000e\000d\000\040\000N\000e\000t\000w\000o\000r\000k\000s}{section.2.3}% 9
\BOOKMARK [2][-]{subsection.2.3.2}{\376\377\000O\000t\000h\000e\000r\000\040\000D\000e\000e\000p\000\040\000L\000e\000a\000r\000n\000i\000n\000g\000\040\000A\000r\000c\000h\000i\000t\000e\000c\000t\000u\000r\000e\000s}{section.2.3}% 10
\BOOKMARK [2][-]{subsection.2.3.3}{\376\377\000C\000o\000m\000p\000a\000r\000i\000s\000o\000n\000\040\000o\000f\000\040\000R\000e\000p\000r\000e\000s\000e\000n\000t\000a\000t\000i\000v\000e\000\040\000A\000r\000c\000h\000i\000t\000e\000c\000t\000u\000r\000e\000s}{section.2.3}% 11
\BOOKMARK [1][-]{section.2.4}{\376\377\000H\000u\000m\000a\000n\000\040\000D\000e\000t\000e\000c\000t\000i\000o\000n\000\040\000i\000n\000\040\000L\000i\000D\000A\000R\000\040\000P\000o\000i\000n\000t\000\040\000C\000l\000o\000u\000d\000s}{chapter.2}% 12
\BOOKMARK [1][-]{section.2.5}{\376\377\000T\000r\000a\000n\000s\000f\000e\000r\000\040\000L\000e\000a\000r\000n\000i\000n\000g\000\040\000a\000n\000d\000\040\000D\000o\000m\000a\000i\000n\000\040\000A\000d\000a\000p\000t\000a\000t\000i\000o\000n}{chapter.2}% 13
\BOOKMARK [1][-]{section.2.6}{\376\377\000D\000a\000t\000a\000s\000e\000t\000s\000\040\000a\000n\000d\000\040\000E\000v\000a\000l\000u\000a\000t\000i\000o\000n\000\040\000M\000e\000t\000r\000i\000c\000s}{chapter.2}% 14
\BOOKMARK [2][-]{subsection.2.6.1}{\376\377\000E\000x\000i\000s\000t\000i\000n\000g\000\040\000I\000n\000d\000o\000o\000r\000\040\000L\000i\000D\000A\000R\000\040\000D\000a\000t\000a\000s\000e\000t\000s}{section.2.6}% 15
\BOOKMARK [2][-]{subsection.2.6.2}{\376\377\000L\000i\000m\000i\000t\000a\000t\000i\000o\000n\000s\000\040\000o\000f\000\040\000C\000u\000r\000r\000e\000n\000t\000\040\000D\000a\000t\000a\000s\000e\000t\000s}{section.2.6}% 16
\BOOKMARK [2][-]{subsection.2.6.3}{\376\377\000E\000v\000a\000l\000u\000a\000t\000i\000o\000n\000\040\000M\000e\000t\000r\000i\000c\000s}{section.2.6}% 17
\BOOKMARK [1][-]{section.2.7}{\376\377\000R\000e\000s\000e\000a\000r\000c\000h\000\040\000G\000a\000p\000\040\000a\000n\000d\000\040\000M\000o\000t\000i\000v\000a\000t\000i\000o\000n}{chapter.2}% 18
\BOOKMARK [0][-]{chapter.3}{\376\377\000D\000e\000s\000i\000g\000n\000\040\000a\000n\000d\000\040\000D\000e\000v\000e\000l\000o\000p\000m\000e\000n\000t}{}% 19
\BOOKMARK [1][-]{section.3.1}{\376\377\000S\000y\000s\000t\000e\000m\000\040\000O\000v\000e\000r\000v\000i\000e\000w}{chapter.3}% 20
\BOOKMARK [1][-]{section.3.2}{\376\377\000H\000a\000r\000d\000w\000a\000r\000e\000\040\000I\000n\000t\000e\000g\000r\000a\000t\000i\000o\000n}{chapter.3}% 21
\BOOKMARK [2][-]{subsection.3.2.1}{\376\377\000L\000i\000D\000A\000R\000\040\000S\000e\000n\000s\000o\000r}{section.3.2}% 22
\BOOKMARK [2][-]{subsection.3.2.2}{\376\377\000P\000o\000w\000e\000r\000\040\000S\000u\000p\000p\000l\000y\000\040\000D\000e\000s\000i\000g\000n}{section.3.2}% 23
\BOOKMARK [2][-]{subsection.3.2.3}{\376\377\000U\000A\000V\000\040\000I\000n\000t\000e\000g\000r\000a\000t\000i\000o\000n}{section.3.2}% 24
\BOOKMARK [1][-]{section.3.3}{\376\377\000D\000a\000t\000a\000\040\000A\000c\000q\000u\000i\000s\000i\000t\000i\000o\000n\000\040\000S\000y\000s\000t\000e\000m}{chapter.3}% 25
\BOOKMARK [2][-]{subsection.3.3.1}{\376\377\000S\000y\000s\000t\000e\000m\000\040\000A\000r\000c\000h\000i\000t\000e\000c\000t\000u\000r\000e}{section.3.3}% 26
\BOOKMARK [2][-]{subsection.3.3.2}{\376\377\000P\000a\000c\000k\000e\000t\000\040\000C\000a\000p\000t\000u\000r\000e\000\040\000a\000n\000d\000\040\000P\000a\000r\000s\000i\000n\000g}{section.3.3}% 27
\BOOKMARK [2][-]{subsection.3.3.3}{\376\377\000G\000e\000o\000m\000e\000t\000r\000i\000c\000\040\000R\000e\000c\000o\000n\000s\000t\000r\000u\000c\000t\000i\000o\000n}{section.3.3}% 28
\BOOKMARK [2][-]{subsection.3.3.4}{\376\377\000R\000e\000a\000l\000-\000T\000i\000m\000e\000\040\000P\000o\000i\000n\000t\000\040\000C\000l\000o\000u\000d\000\040\000S\000t\000r\000e\000a\000m\000i\000n\000g}{section.3.3}% 29
\BOOKMARK [2][-]{subsection.3.3.5}{\376\377\000P\000o\000i\000n\000t\000\040\000C\000l\000o\000u\000d\000\040\000S\000t\000o\000r\000a\000g\000e}{section.3.3}% 30
\BOOKMARK [2][-]{subsection.3.3.6}{\376\377\000P\000a\000c\000k\000e\000t\000\040\000C\000a\000p\000t\000u\000r\000e\000\040\000a\000n\000d\000\040\000R\000e\000p\000l\000a\000y\000\040\000S\000y\000s\000t\000e\000m}{section.3.3}% 31
\BOOKMARK [2][-]{subsection.3.3.7}{\376\377\000M\000o\000d\000u\000l\000a\000r\000\040\000D\000e\000s\000i\000g\000n}{section.3.3}% 32
\BOOKMARK [1][-]{section.3.4}{\376\377\000C\000u\000s\000t\000o\000m\000\040\000I\000n\000d\000o\000o\000r\000\040\000U\000A\000V\000\040\000D\000a\000t\000a\000s\000e\000t\000\040\000C\000r\000e\000a\000t\000i\000o\000n}{chapter.3}% 33
\BOOKMARK [2][-]{subsection.3.4.1}{\376\377\000D\000a\000t\000a\000s\000e\000t\000\040\000A\000c\000q\000u\000i\000s\000i\000t\000i\000o\000n\000\040\000P\000r\000o\000t\000o\000c\000o\000l}{section.3.4}% 34
\BOOKMARK [2][-]{subsection.3.4.2}{\376\377\000P\000o\000i\000n\000t\000\040\000C\000l\000o\000u\000d\000\040\000P\000r\000e\000p\000r\000o\000c\000e\000s\000s\000i\000n\000g}{section.3.4}% 35
\BOOKMARK [2][-]{subsection.3.4.3}{\376\377\000P\000o\000i\000n\000t\000\040\000C\000l\000o\000u\000d\000\040\000A\000n\000n\000o\000t\000a\000t\000i\000o\000n}{section.3.4}% 36
\BOOKMARK [1][-]{section.3.5}{\376\377\000D\000e\000e\000p\000\040\000L\000e\000a\000r\000n\000i\000n\000g\000\040\000F\000r\000a\000m\000e\000w\000o\000r\000k}{chapter.3}% 37
\BOOKMARK [2][-]{subsection.3.5.1}{\376\377\000S\000e\000l\000e\000c\000t\000e\000d\000\040\000A\000r\000c\000h\000i\000t\000e\000c\000t\000u\000r\000e\000s}{section.3.5}% 38
\BOOKMARK [2][-]{subsection.3.5.2}{\376\377\000D\000e\000p\000l\000o\000y\000m\000e\000n\000t\000\040\000A\000r\000c\000h\000i\000t\000e\000c\000t\000u\000r\000e}{section.3.5}% 39
\BOOKMARK [2][-]{subsection.3.5.3}{\376\377\000P\000o\000i\000n\000t\000\040\000C\000l\000o\000u\000d\000\040\000R\000e\000c\000e\000p\000t\000i\000o\000n\000\040\000a\000n\000d\000\040\000I\000n\000f\000e\000r\000e\000n\000c\000e}{section.3.5}% 40
\BOOKMARK [2][-]{subsection.3.5.4}{\376\377\000T\000r\000a\000i\000n\000i\000n\000g\000\040\000E\000n\000v\000i\000r\000o\000n\000m\000e\000n\000t}{section.3.5}% 41
\BOOKMARK [1][-]{section.3.6}{\376\377\000T\000r\000a\000n\000s\000f\000e\000r\000\040\000L\000e\000a\000r\000n\000i\000n\000g\000\040\000S\000t\000r\000a\000t\000e\000g\000y}{chapter.3}% 42
\BOOKMARK [2][-]{subsection.3.6.1}{\376\377\000P\000r\000e\000t\000r\000a\000i\000n\000i\000n\000g\000\040\000o\000n\000\040\000S\0003\000D\000I\000S}{section.3.6}% 43
\BOOKMARK [2][-]{subsection.3.6.2}{\376\377\000F\000i\000n\000e\000-\000T\000u\000n\000i\000n\000g\000\040\000o\000n\000\040\000t\000h\000e\000\040\000C\000u\000s\000t\000o\000m\000\040\000U\000A\000V\000\040\000D\000a\000t\000a\000s\000e\000t}{section.3.6}% 44
\BOOKMARK [2][-]{subsection.3.6.3}{\376\377\000T\000r\000a\000i\000n\000i\000n\000g\000\040\000C\000o\000n\000f\000i\000g\000u\000r\000a\000t\000i\000o\000n}{section.3.6}% 45
\BOOKMARK [0][-]{chapter.4}{\376\377\000E\000v\000a\000l\000u\000a\000t\000i\000o\000n}{}% 46
\BOOKMARK [1][-]{section.4.1}{\376\377\000E\000x\000p\000e\000r\000i\000m\000e\000n\000t\000a\000l\000\040\000S\000e\000t\000u\000p}{chapter.4}% 47
\BOOKMARK [1][-]{section.4.2}{\376\377\000Q\000u\000a\000n\000t\000i\000t\000a\000t\000i\000v\000e\000\040\000E\000v\000a\000l\000u\000a\000t\000i\000o\000n\000\040\000o\000f\000\040\000t\000h\000e\000\040\000S\000e\000g\000m\000e\000n\000t\000a\000t\000i\000o\000n\000\040\000M\000o\000d\000e\000l\000s}{chapter.4}% 48
\BOOKMARK [2][-]{subsection.4.2.1}{\376\377\000V\000a\000l\000i\000d\000a\000t\000i\000o\000n\000\040\000R\000e\000s\000u\000l\000t\000s}{section.4.2}% 49
\BOOKMARK [2][-]{subsection.4.2.2}{\376\377\000H\000e\000l\000d\000-\000O\000u\000t\000\040\000T\000e\000s\000t\000\040\000R\000e\000s\000u\000l\000t\000s}{section.4.2}% 50
\BOOKMARK [1][-]{section.4.3}{\376\377\000Q\000u\000a\000l\000i\000t\000a\000t\000i\000v\000e\000\040\000R\000e\000s\000u\000l\000t\000s}{chapter.4}% 51
\BOOKMARK [1][-]{section.4.4}{\376\377\000C\000o\000m\000p\000u\000t\000a\000t\000i\000o\000n\000a\000l\000\040\000P\000e\000r\000f\000o\000r\000m\000a\000n\000c\000e}{chapter.4}% 52
\BOOKMARK [1][-]{section.4.5}{\376\377\000D\000i\000s\000c\000u\000s\000s\000i\000o\000n}{chapter.4}% 53
\BOOKMARK [0][-]{chapter.5}{\376\377\000C\000o\000n\000c\000l\000u\000s\000i\000o\000n\000s\000\040\000a\000n\000d\000\040\000f\000u\000t\000u\000r\000e\000\040\000w\000o\000r\000k}{}% 54
\BOOKMARK [1][-]{section.5.1}{\376\377\000C\000o\000n\000c\000l\000u\000s\000i\000o\000n\000s}{chapter.5}% 55
\BOOKMARK [1][-]{section.5.2}{\376\377\000F\000u\000t\000u\000r\000e\000\040\000W\000o\000r\000k}{chapter.5}% 56
\BOOKMARK [0][-]{chapter*.35}{\376\377\000B\000i\000b\000l\000i\000o\000g\000r\000a\000p\000h\000y}{}% 57
\BOOKMARK [0][-]{section*.36}{\376\377\000A\000p\000p\000e\000n\000d\000i\000x}{}% 58
\BOOKMARK [0][-]{appendix.A}{\376\377\000S\000o\000f\000t\000w\000a\000r\000e\000\040\000I\000m\000p\000l\000e\000m\000e\000n\000t\000a\000t\000i\000o\000n\000\040\000a\000n\000d\000\040\000R\000e\000p\000o\000s\000i\000t\000o\000r\000y\000\040\000S\000t\000r\000u\000c\000t\000u\000r\000e}{}% 59
\BOOKMARK [1][-]{appendix.A.1}{\376\377\000R\000e\000p\000o\000s\000i\000t\000o\000r\000y\000\040\000O\000r\000g\000a\000n\000i\000z\000a\000t\000i\000o\000n}{appendix.A}% 60
\BOOKMARK [1][-]{appendix.A.2}{\376\377\000L\000i\000D\000A\000R\000\040\000D\000a\000t\000a\000\040\000A\000c\000q\000u\000i\000s\000i\000t\000i\000o\000n\000\040\000S\000o\000f\000t\000w\000a\000r\000e}{appendix.A}% 61
\BOOKMARK [2][-]{subsection.A.2.1}{\376\377\000A\000p\000p\000l\000i\000c\000a\000t\000i\000o\000n\000\040\000E\000n\000t\000r\000y\000\040\000P\000o\000i\000n\000t}{appendix.A.2}% 62
\BOOKMARK [2][-]{subsection.A.2.2}{\376\377\000P\000a\000c\000k\000e\000t\000\040\000P\000a\000r\000s\000i\000n\000g}{appendix.A.2}% 63
\BOOKMARK [2][-]{subsection.A.2.3}{\376\377\000G\000e\000o\000m\000e\000t\000r\000i\000c\000\040\000R\000e\000c\000o\000n\000s\000t\000r\000u\000c\000t\000i\000o\000n}{appendix.A.2}% 64
\BOOKMARK [2][-]{subsection.A.2.4}{\376\377\000R\000e\000a\000l\000-\000T\000i\000m\000e\000\040\000S\000t\000r\000e\000a\000m\000i\000n\000g\000\040\000a\000n\000d\000\040\000V\000i\000s\000u\000a\000l\000i\000z\000a\000t\000i\000o\000n}{appendix.A.2}% 65
\BOOKMARK [2][-]{subsection.A.2.5}{\376\377\000P\000o\000i\000n\000t\000\040\000C\000l\000o\000u\000d\000\040\000S\000t\000o\000r\000a\000g\000e}{appendix.A.2}% 66
\BOOKMARK [1][-]{appendix.A.3}{\376\377\000P\000a\000c\000k\000e\000t\000\040\000C\000a\000p\000t\000u\000r\000e\000\040\000a\000n\000d\000\040\000R\000e\000p\000l\000a\000y}{appendix.A}% 67
\BOOKMARK [1][-]{appendix.A.4}{\376\377\000C\000o\000m\000m\000u\000n\000i\000c\000a\000t\000i\000o\000n\000\040\000B\000e\000t\000w\000e\000e\000n\000\040\000A\000c\000q\000u\000i\000s\000i\000t\000i\000o\000n\000\040\000a\000n\000d\000\040\000I\000n\000f\000e\000r\000e\000n\000c\000e}{appendix.A}% 68
\BOOKMARK [2][-]{subsection.A.4.1}{\376\377\000P\000o\000i\000n\000t\000\040\000C\000l\000o\000u\000d\000\040\000S\000e\000n\000d\000e\000r}{appendix.A.4}% 69
\BOOKMARK [2][-]{subsection.A.4.2}{\376\377\000P\000o\000i\000n\000t\000\040\000C\000l\000o\000u\000d\000\040\000R\000e\000c\000e\000i\000v\000e\000r}{appendix.A.4}% 70
\BOOKMARK [2][-]{subsection.A.4.3}{\376\377\000A\000u\000t\000o\000n\000o\000m\000o\000u\000s\000\040\000S\000t\000a\000r\000t\000u\000p}{appendix.A.4}% 71
\BOOKMARK [1][-]{appendix.A.5}{\376\377\000D\000a\000t\000a\000s\000e\000t\000\040\000A\000n\000n\000o\000t\000a\000t\000i\000o\000n\000\040\000a\000n\000d\000\040\000D\000a\000t\000a\000\040\000M\000a\000n\000a\000g\000e\000m\000e\000n\000t}{appendix.A}% 72
\BOOKMARK [1][-]{appendix.A.6}{\376\377\000I\000n\000f\000e\000r\000e\000n\000c\000e\000\040\000S\000o\000f\000t\000w\000a\000r\000e}{appendix.A}% 73
\BOOKMARK [2][-]{subsection.A.6.1}{\376\377\000I\000n\000f\000e\000r\000e\000n\000c\000e\000\040\000E\000n\000g\000i\000n\000e}{appendix.A.6}% 74
\BOOKMARK [2][-]{subsection.A.6.2}{\376\377\000M\000o\000d\000e\000l\000\040\000W\000r\000a\000p\000p\000e\000r\000s}{appendix.A.6}% 75
\BOOKMARK [2][-]{subsection.A.6.3}{\376\377\000P\000o\000i\000n\000t\000\040\000C\000l\000o\000u\000d\000\040\000I\000n\000p\000u\000t\000\040\000P\000r\000o\000c\000e\000s\000s\000i\000n\000g}{appendix.A.6}% 76
\BOOKMARK [2][-]{subsection.A.6.4}{\376\377\000E\000v\000a\000l\000u\000a\000t\000i\000o\000n\000\040\000a\000n\000d\000\040\000B\000e\000n\000c\000h\000m\000a\000r\000k\000i\000n\000g}{appendix.A.6}% 77
\BOOKMARK [1][-]{appendix.A.7}{\376\377\000M\000o\000d\000e\000l\000\040\000T\000r\000a\000i\000n\000i\000n\000g\000\040\000a\000n\000d\000\040\000F\000i\000n\000e\000-\000T\000u\000n\000i\000n\000g}{appendix.A}% 78
\BOOKMARK [2][-]{subsection.A.7.1}{\376\377\000P\000o\000i\000n\000t\000N\000e\000t\000\040\000a\000n\000d\000\040\000P\000o\000i\000n\000t\000N\000e\000t\000+\000+\000\040\000T\000r\000a\000i\000n\000i\000n\000g}{appendix.A.7}% 79
\BOOKMARK [2][-]{subsection.A.7.2}{\376\377\000O\000p\000e\000n\000P\000o\000i\000n\000t\000s\000-\000B\000a\000s\000e\000d\000\040\000T\000r\000a\000i\000n\000i\000n\000g}{appendix.A.7}% 80
\BOOKMARK [2][-]{subsection.A.7.3}{\376\377\000T\000r\000a\000n\000s\000f\000e\000r\000\040\000L\000e\000a\000r\000n\000i\000n\000g\000\040\000A\000d\000a\000p\000t\000a\000t\000i\000o\000n}{appendix.A.7}% 81
\BOOKMARK [2][-]{subsection.A.7.4}{\376\377\000T\000r\000a\000i\000n\000i\000n\000g\000\040\000O\000u\000t\000p\000u\000t\000s}{appendix.A.7}% 82
\BOOKMARK [1][-]{appendix.A.8}{\376\377\000R\000e\000l\000a\000t\000i\000o\000n\000s\000h\000i\000p\000\040\000B\000e\000t\000w\000e\000e\000n\000\040\000S\000o\000f\000t\000w\000a\000r\000e\000\040\000C\000o\000m\000p\000o\000n\000e\000n\000t\000s}{appendix.A}% 83
\BOOKMARK [1][-]{appendix.A.9}{\376\377\000R\000e\000p\000r\000o\000d\000u\000c\000i\000b\000i\000l\000i\000t\000y}{appendix.A}% 84
\BOOKMARK [0][-]{appendix.B}{\376\377\000D\000e\000t\000a\000i\000l\000e\000d\000\040\000T\000r\000a\000i\000n\000i\000n\000g\000\040\000C\000o\000n\000f\000i\000g\000u\000r\000a\000t\000i\000o\000n}{}% 85
\BOOKMARK [1][-]{appendix.B.1}{\376\377\000T\000r\000a\000i\000n\000i\000n\000g\000\040\000S\000o\000f\000t\000w\000a\000r\000e\000\040\000a\000n\000d\000\040\000E\000x\000e\000c\000u\000t\000i\000o\000n\000\040\000E\000n\000v\000i\000r\000o\000n\000m\000e\000n\000t}{appendix.B}% 86
\BOOKMARK [1][-]{appendix.B.2}{\376\377\000D\000a\000t\000a\000s\000e\000t\000\040\000S\000p\000l\000i\000t\000\040\000a\000n\000d\000\040\000S\000a\000m\000p\000l\000i\000n\000g}{appendix.B}% 87
\BOOKMARK [1][-]{appendix.B.3}{\376\377\000D\000a\000t\000a\000\040\000A\000u\000g\000m\000e\000n\000t\000a\000t\000i\000o\000n}{appendix.B}% 88
\BOOKMARK [1][-]{appendix.B.4}{\376\377\000C\000o\000m\000m\000o\000n\000\040\000O\000p\000t\000i\000m\000i\000z\000a\000t\000i\000o\000n\000\040\000C\000o\000n\000f\000i\000g\000u\000r\000a\000t\000i\000o\000n}{appendix.B}% 89
\BOOKMARK [1][-]{appendix.B.5}{\376\377\000P\000o\000i\000n\000t\000N\000e\000t\000\040\000C\000o\000n\000f\000i\000g\000u\000r\000a\000t\000i\000o\000n}{appendix.B}% 90
\BOOKMARK [1][-]{appendix.B.6}{\376\377\000P\000o\000i\000n\000t\000N\000e\000t\000+\000+\000\040\000C\000o\000n\000f\000i\000g\000u\000r\000a\000t\000i\000o\000n}{appendix.B}% 91
\BOOKMARK [1][-]{appendix.B.7}{\376\377\000O\000p\000e\000n\000P\000o\000i\000n\000t\000s\000-\000B\000a\000s\000e\000d\000\040\000A\000r\000c\000h\000i\000t\000e\000c\000t\000u\000r\000e\000s}{appendix.B}% 92
\BOOKMARK [2][-]{subsection.B.7.1}{\376\377\000P\000o\000i\000n\000t\000N\000e\000X\000t\000-\000S}{appendix.B.7}% 93
\BOOKMARK [2][-]{subsection.B.7.2}{\376\377\000P\000o\000i\000n\000t\000N\000e\000X\000t\000-\000X\000L}{appendix.B.7}% 94
\BOOKMARK [2][-]{subsection.B.7.3}{\376\377\000D\000G\000C\000N\000N}{appendix.B.7}% 95
\BOOKMARK [2][-]{subsection.B.7.4}{\376\377\000P\000o\000i\000n\000t\000V\000e\000c\000t\000o\000r}{appendix.B.7}% 96
\BOOKMARK [1][-]{appendix.B.8}{\376\377\000S\000u\000m\000m\000a\000r\000y\000\040\000o\000f\000\040\000M\000o\000d\000e\000l\000-\000S\000p\000e\000c\000i\000f\000i\000c\000\040\000P\000a\000r\000a\000m\000e\000t\000e\000r\000s}{appendix.B}% 97
\BOOKMARK [1][-]{appendix.B.9}{\376\377\000C\000h\000e\000c\000k\000p\000o\000i\000n\000t\000i\000n\000g\000\040\000a\000n\000d\000\040\000M\000o\000d\000e\000l\000\040\000S\000e\000l\000e\000c\000t\000i\000o\000n}{appendix.B}% 98
\BOOKMARK [1][-]{appendix.B.10}{\376\377\000E\000v\000a\000l\000u\000a\000t\000i\000o\000n\000\040\000M\000e\000t\000r\000i\000c\000s}{appendix.B}% 99
