================================================================================
Inicio del entrenamiento
================================================================================

Dispositivo: cuda
/home/manuel/Documents/GitHub/LiDAR/openpoints/models/layers/group.py:79: FutureWarning: `torch.cuda.amp.custom_fwd(args...)` is deprecated. Please use `torch.amp.custom_fwd(args..., device_type='cuda')` instead.
  @torch.cuda.amp.custom_fwd(cast_inputs=torch.float32)
/home/manuel/Documents/GitHub/LiDAR/openpoints/models/layers/upsampling.py:46: FutureWarning: `torch.cuda.amp.custom_fwd(args...)` is deprecated. Please use `torch.amp.custom_fwd(args..., device_type='cuda')` instead.
  @torch.cuda.amp.custom_fwd(cast_inputs=torch.float32)
/home/manuel/Documents/GitHub/LiDAR/openpoints/models/backbone/pointvit_inv.py:25: FutureWarning: `torch.cuda.amp.custom_fwd(args...)` is deprecated. Please use `torch.amp.custom_fwd(args..., device_type='cuda')` instead.
  def forward(ctx, x, blocks, pos_embed=None, alpha=0., lambd=1., num_cached = 0):
/home/manuel/Documents/GitHub/LiDAR/openpoints/models/backbone/pointvit_inv.py:60: FutureWarning: `torch.cuda.amp.custom_bwd(args...)` is deprecated. Please use `torch.amp.custom_bwd(args..., device_type='cuda')` instead.
  def backward(ctx, dy):  # pragma: no cover
WARNING:root:kwargs: {'emb_dims': 1024, 'block': 'res'} are not used in DGCNN

Cargando checkpoint:
dgcnn.pth
/home/manuel/Documents/GitHub/LiDAR/finetunningPointnetxt.py:187: FutureWarning: You are using `torch.load` with `weights_only=False` (the current default value), which uses the default pickle module implicitly. It is possible to construct malicious pickle data which will execute arbitrary code during unpickling (See https://github.com/pytorch/pytorch/blob/main/SECURITY.md#untrusted-models for more details). In a future release, the default value for `weights_only` will be flipped to `True`. This limits the functions that could be executed during unpickling. Arbitrary objects will no longer be allowed to be loaded via this mode unless they are explicitly allowlisted by the user via `torch.serialization.add_safe_globals`. We recommend you start setting `weights_only=True` for any use case where you don't have full control of the loaded file. Please open an issue on GitHub for any issues related to this experimental feature.
  checkpoint = torch.load(
Pesos cargados: 30
Pesos ignorados: 14
train escenas: 58
val escenas: 12

Train samples: 1160
Val samples: 240
/home/manuel/Documents/GitHub/LiDAR/finetunningPointnetxt.py:832: FutureWarning: `torch.cuda.amp.GradScaler(args...)` is deprecated. Please use `torch.amp.GradScaler('cuda', args...)` instead.
  scaler = torch.cuda.amp.GradScaler(
/home/manuel/Documents/GitHub/LiDAR/finetunningPointnetxt.py:894: FutureWarning: `torch.cuda.amp.autocast(args...)` is deprecated. Please use `torch.amp.autocast('cuda', args...)` instead.
  with torch.cuda.amp.autocast(
/home/manuel/Documents/GitHub/LiDAR/openpoints/models/layers/group.py:93: UserWarning: The torch.cuda.*DtypeTensor constructors are no longer recommended. It's best to use methods such as torch.tensor(data, dtype=*, device='cuda') to create tensors. (Triggered internally at ../torch/csrc/tensor/python_tensor.cpp:78.)
  output = torch.cuda.FloatTensor(B, C, nfeatures, nsample, device=features.device)


======================================================================
Epoch 001/100
LR: 0.00100000
Train Loss: 0.402734
Train Accuracy: 0.8449
Val Loss: 0.208352
Val Accuracy: 0.9537
Val mIoU: 0.7995
Person IoU: 0.6497
Person Recall: 0.8853
Person F1: 0.7877

NUEVO MEJOR MODELO
Best mIoU: 0.7995

==============================
MÉTRICAS DE VALIDACIÓN
==============================
Accuracy: 0.9537
mIoU: 0.7995
Macro Precision: 0.8484
Macro Recall: 0.9232
Macro F1: 0.8808

Por clase:
  background      | IoU: 0.9493 | Precision: 0.9873 | Recall: 0.9610 | F1: 0.9740
  person          | IoU: 0.6497 | Precision: 0.7095 | Recall: 0.8853 | F1: 0.7877

Matriz de confusión:
[[853051  34589]
 [ 10941  84459]]


======================================================================
Epoch 002/100
LR: 0.00100000
Train Loss: 0.324950
Train Accuracy: 0.8989
Val Loss: 0.282085
Val Accuracy: 0.9018
Val mIoU: 0.6735
Person IoU: 0.4541
Person Recall: 0.8814
Person F1: 0.6245

==============================
MÉTRICAS DE VALIDACIÓN
==============================
Accuracy: 0.9018
mIoU: 0.6735
Macro Precision: 0.7352
Macro Recall: 0.8926
Macro F1: 0.7840

Por clase:
  background      | IoU: 0.8930 | Precision: 0.9868 | Recall: 0.9038 | F1: 0.9435
  person          | IoU: 0.4541 | Precision: 0.4836 | Recall: 0.8814 | F1: 0.6245

Matriz de confusión:
[[806158  85761]
 [ 10806  80315]]


======================================================================
Epoch 003/100
LR: 0.00100000
Train Loss: 0.291684
Train Accuracy: 0.9071
Val Loss: 0.131137
Val Accuracy: 0.9701
Val mIoU: 0.8522
Person IoU: 0.7371
Person Recall: 0.9390
Person F1: 0.8487

NUEVO MEJOR MODELO
Best mIoU: 0.8522

==============================
MÉTRICAS DE VALIDACIÓN
==============================
Accuracy: 0.9701
mIoU: 0.8522
Macro Precision: 0.8840
Macro Recall: 0.9561
Macro F1: 0.9160

Por clase:
  background      | IoU: 0.9673 | Precision: 0.9939 | Recall: 0.9731 | F1: 0.9834
  person          | IoU: 0.7371 | Precision: 0.7742 | Recall: 0.9390 | F1: 0.8487

Matriz de confusión:
[[871118  24067]
 [  5356  82499]]


======================================================================
Epoch 004/100
LR: 0.00100000
Train Loss: 0.255907
Train Accuracy: 0.9147
Val Loss: 0.194725
Val Accuracy: 0.9428
Val mIoU: 0.7684
Person IoU: 0.5993
Person Recall: 0.9027
Person F1: 0.7495

==============================
MÉTRICAS DE VALIDACIÓN
==============================
Accuracy: 0.9428
mIoU: 0.7684
Macro Precision: 0.8150
Macro Recall: 0.9248
Macro F1: 0.8586

Por clase:
  background      | IoU: 0.9374 | Precision: 0.9894 | Recall: 0.9470 | F1: 0.9677
  person          | IoU: 0.5993 | Precision: 0.6407 | Recall: 0.9027 | F1: 0.7495

Matriz de confusión:
[[842637  47187]
 [  9069  84147]]


======================================================================
Epoch 005/100
LR: 0.00100000
Train Loss: 0.234428
Train Accuracy: 0.9161
Val Loss: 0.238401
Val Accuracy: 0.8993
Val mIoU: 0.6695
Person IoU: 0.4487
Person Recall: 0.9117
Person F1: 0.6195

==============================
MÉTRICAS DE VALIDACIÓN
==============================
Accuracy: 0.8993
mIoU: 0.6695
Macro Precision: 0.7297
Macro Recall: 0.9049
Macro F1: 0.7807

Por clase:
  background      | IoU: 0.8902 | Precision: 0.9904 | Recall: 0.8980 | F1: 0.9419
  person          | IoU: 0.4487 | Precision: 0.4691 | Recall: 0.9117 | F1: 0.6195

Matriz de confusión:
[[803378  91237]
 [  7804  80621]]


======================================================================
Epoch 006/100
LR: 0.00100000
Train Loss: 0.239528
Train Accuracy: 0.9262
Val Loss: 0.116398
Val Accuracy: 0.9605
Val mIoU: 0.8173
Person IoU: 0.6777
Person Recall: 0.9633
Person F1: 0.8079

==============================
MÉTRICAS DE VALIDACIÓN
==============================
Accuracy: 0.9605
mIoU: 0.8173
Macro Precision: 0.8461
Macro Recall: 0.9617
Macro F1: 0.8929

Por clase:
  background      | IoU: 0.9569 | Precision: 0.9964 | Recall: 0.9602 | F1: 0.9780
  person          | IoU: 0.6777 | Precision: 0.6957 | Recall: 0.9633 | F1: 0.8079

Matriz de confusión:
[[862490  35733]
 [  3116  81701]]


======================================================================
Epoch 007/100
LR: 0.00100000
Train Loss: 0.217053
Train Accuracy: 0.9367
Val Loss: 0.156859
Val Accuracy: 0.9803
Val mIoU: 0.8928
Person IoU: 0.8070
Person Recall: 0.9124
Person F1: 0.8932

NUEVO MEJOR MODELO
Best mIoU: 0.8928

==============================
MÉTRICAS DE VALIDACIÓN
==============================
Accuracy: 0.9803
mIoU: 0.8928
Macro Precision: 0.9330
Macro Recall: 0.9497
Macro F1: 0.9412

Por clase:
  background      | IoU: 0.9785 | Precision: 0.9913 | Recall: 0.9870 | F1: 0.9891
  person          | IoU: 0.8070 | Precision: 0.8748 | Recall: 0.9124 | F1: 0.8932

Matriz de confusión:
[[882534  11607]
 [  7786  81113]]


======================================================================
Epoch 008/100
LR: 0.00100000
Train Loss: 0.193336
Train Accuracy: 0.9407
Val Loss: 0.178056
Val Accuracy: 0.9632
Val mIoU: 0.8187
Person IoU: 0.6772
Person Recall: 0.9093
Person F1: 0.8075

==============================
MÉTRICAS DE VALIDACIÓN
==============================
Accuracy: 0.9632
mIoU: 0.8187
Macro Precision: 0.8588
Macro Recall: 0.9388
Macro F1: 0.8936

Por clase:
  background      | IoU: 0.9601 | Precision: 0.9914 | Recall: 0.9682 | F1: 0.9797
  person          | IoU: 0.6772 | Precision: 0.7262 | Recall: 0.9093 | F1: 0.8075

Matriz de confusión:
[[871002  28603]
 [  7566  75869]]


======================================================================
Epoch 009/100
LR: 0.00100000
Train Loss: 0.193635
Train Accuracy: 0.9441
Val Loss: 0.132836
Val Accuracy: 0.9562
Val mIoU: 0.8142
Person IoU: 0.6765
Person Recall: 0.9511
Person F1: 0.8071

==============================
MÉTRICAS DE VALIDACIÓN
==============================
Accuracy: 0.9562
mIoU: 0.8142
Macro Precision: 0.8477
Macro Recall: 0.9540
Macro F1: 0.8912

Por clase:
  background      | IoU: 0.9518 | Precision: 0.9946 | Recall: 0.9568 | F1: 0.9753
  person          | IoU: 0.6765 | Precision: 0.7009 | Recall: 0.9511 | F1: 0.8071

Matriz de confusión:
[[850040  38400]
 [  4623  89977]]


======================================================================
Epoch 010/100
LR: 0.00100000
Train Loss: 0.173679
Train Accuracy: 0.9473
Val Loss: 0.094761
Val Accuracy: 0.9777
Val mIoU: 0.8915
Person IoU: 0.8077
Person Recall: 0.9633
Person F1: 0.8936

==============================
MÉTRICAS DE VALIDACIÓN
==============================
Accuracy: 0.9777
mIoU: 0.8915
Macro Precision: 0.9147
Macro Recall: 0.9713
Macro F1: 0.9406

Por clase:
  background      | IoU: 0.9754 | Precision: 0.9960 | Recall: 0.9792 | F1: 0.9875
  person          | IoU: 0.8077 | Precision: 0.8334 | Recall: 0.9633 | F1: 0.8936

Matriz de confusión:
[[868891  18435]
 [  3513  92201]]


======================================================================
Epoch 011/100
LR: 0.00100000
Train Loss: 0.185661
Train Accuracy: 0.9495
Val Loss: 0.195377
Val Accuracy: 0.9398
Val mIoU: 0.7483
Person IoU: 0.5618
Person Recall: 0.8958
Person F1: 0.7194

==============================
MÉTRICAS DE VALIDACIÓN
==============================
Accuracy: 0.9398
mIoU: 0.7483
Macro Precision: 0.7954
Macro Recall: 0.9199
Macro F1: 0.8429

Por clase:
  background      | IoU: 0.9347 | Precision: 0.9897 | Recall: 0.9439 | F1: 0.9663
  person          | IoU: 0.5618 | Precision: 0.6011 | Recall: 0.8958 | F1: 0.7194

Matriz de confusión:
[[847913  50381]
 [  8828  75918]]


======================================================================
Epoch 012/100
LR: 0.00100000
Train Loss: 0.177891
Train Accuracy: 0.9507
Val Loss: 0.156653
Val Accuracy: 0.9530
Val mIoU: 0.7893
Person IoU: 0.6297
Person Recall: 0.9268
Person F1: 0.7728

==============================
MÉTRICAS DE VALIDACIÓN
==============================
Accuracy: 0.9530
mIoU: 0.7893
Macro Precision: 0.8277
Macro Recall: 0.9411
Macro F1: 0.8733

Por clase:
  background      | IoU: 0.9489 | Precision: 0.9928 | Recall: 0.9554 | F1: 0.9738
  person          | IoU: 0.6297 | Precision: 0.6627 | Recall: 0.9268 | F1: 0.7728

Matriz de confusión:
[[858168  40030]
 [  6210  78632]]


======================================================================
Epoch 013/100
LR: 0.00050000
Train Loss: 0.161435
Train Accuracy: 0.9486
Val Loss: 0.094773
Val Accuracy: 0.9648
Val mIoU: 0.8405
Person IoU: 0.7196
Person Recall: 0.9682
Person F1: 0.8369

==============================
MÉTRICAS DE VALIDACIÓN
==============================
Accuracy: 0.9648
mIoU: 0.8405
Macro Precision: 0.8668
Macro Recall: 0.9663
Macro F1: 0.9086

Por clase:
  background      | IoU: 0.9613 | Precision: 0.9966 | Recall: 0.9645 | F1: 0.9803
  person          | IoU: 0.7196 | Precision: 0.7370 | Recall: 0.9682 | F1: 0.8369

Matriz de confusión:
[[859715  31663]
 [  2917  88745]]


======================================================================
Epoch 014/100
LR: 0.00050000
Train Loss: 0.138000
Train Accuracy: 0.9498
Val Loss: 0.087553
Val Accuracy: 0.9727
Val mIoU: 0.8731
Person IoU: 0.7763
Person Recall: 0.9675
Person F1: 0.8741

==============================
MÉTRICAS DE VALIDACIÓN
==============================
Accuracy: 0.9727
mIoU: 0.8731
Macro Precision: 0.8967
Macro Recall: 0.9704
Macro F1: 0.9294

Por clase:
  background      | IoU: 0.9698 | Precision: 0.9964 | Recall: 0.9732 | F1: 0.9847
  person          | IoU: 0.7763 | Precision: 0.7971 | Recall: 0.9675 | F1: 0.8741

Matriz de confusión:
[[863024  23722]
 [  3126  93168]]


======================================================================
Epoch 015/100
LR: 0.00050000
Train Loss: 0.145620
Train Accuracy: 0.9560
Val Loss: 0.095418
Val Accuracy: 0.9814
Val mIoU: 0.9006
Person IoU: 0.8215
Person Recall: 0.9522
Person F1: 0.9020

NUEVO MEJOR MODELO
Best mIoU: 0.9006

==============================
MÉTRICAS DE VALIDACIÓN
==============================
Accuracy: 0.9814
mIoU: 0.9006
Macro Precision: 0.9261
Macro Recall: 0.9683
Macro F1: 0.9459

Por clase:
  background      | IoU: 0.9797 | Precision: 0.9952 | Recall: 0.9843 | F1: 0.9898
  person          | IoU: 0.8215 | Precision: 0.8569 | Recall: 0.9522 | F1: 0.9020

Matriz de confusión:
[[880833  14024]
 [  4217  83966]]


======================================================================
Epoch 016/100
LR: 0.00050000
Train Loss: 0.142512
Train Accuracy: 0.9574
Val Loss: 0.107374
Val Accuracy: 0.9743
Val mIoU: 0.8724
Person IoU: 0.7729
Person Recall: 0.9478
Person F1: 0.8719

==============================
MÉTRICAS DE VALIDACIÓN
==============================
Accuracy: 0.9743
mIoU: 0.8724
Macro Precision: 0.9009
Macro Recall: 0.9624
Macro F1: 0.9288

Por clase:
  background      | IoU: 0.9719 | Precision: 0.9946 | Recall: 0.9770 | F1: 0.9857
  person          | IoU: 0.7729 | Precision: 0.8072 | Recall: 0.9478 | F1: 0.8719

Matriz de confusión:
[[871965  20499]
 [  4730  85846]]


======================================================================
Epoch 017/100
LR: 0.00050000
Train Loss: 0.135070
Train Accuracy: 0.9553
Val Loss: 0.074883
Val Accuracy: 0.9778
Val mIoU: 0.8928
Person IoU: 0.8101
Person Recall: 0.9727
Person F1: 0.8951

==============================
MÉTRICAS DE VALIDACIÓN
==============================
Accuracy: 0.9778
mIoU: 0.8928
Macro Precision: 0.9129
Macro Recall: 0.9755
Macro F1: 0.9413

Por clase:
  background      | IoU: 0.9755 | Precision: 0.9970 | Recall: 0.9783 | F1: 0.9876
  person          | IoU: 0.8101 | Precision: 0.8289 | Recall: 0.9727 | F1: 0.8951

Matriz de confusión:
[[868083  19226]
 [  2609  93122]]


======================================================================
Epoch 018/100
LR: 0.00050000
Train Loss: 0.132544
Train Accuracy: 0.9586
Val Loss: 0.130765
Val Accuracy: 0.9732
Val mIoU: 0.8661
Person IoU: 0.7615
Person Recall: 0.9341
Person F1: 0.8646

==============================
MÉTRICAS DE VALIDACIÓN
==============================
Accuracy: 0.9732
mIoU: 0.8661
Macro Precision: 0.8990
Macro Recall: 0.9556
Macro F1: 0.9249

Por clase:
  background      | IoU: 0.9707 | Precision: 0.9932 | Recall: 0.9771 | F1: 0.9851
  person          | IoU: 0.7615 | Precision: 0.8048 | Recall: 0.9341 | F1: 0.8646

Matriz de confusión:
[[872458  20431]
 [  5940  84211]]


======================================================================
Epoch 019/100
LR: 0.00050000
Train Loss: 0.137576
Train Accuracy: 0.9584
Val Loss: 0.208128
Val Accuracy: 0.9754
Val mIoU: 0.8701
Person IoU: 0.7670
Person Recall: 0.8755
Person F1: 0.8681

==============================
MÉTRICAS DE VALIDACIÓN
==============================
Accuracy: 0.9754
mIoU: 0.8701
Macro Precision: 0.9241
Macro Recall: 0.9306
Macro F1: 0.9273

Por clase:
  background      | IoU: 0.9733 | Precision: 0.9873 | Recall: 0.9856 | F1: 0.9864
  person          | IoU: 0.7670 | Precision: 0.8608 | Recall: 0.8755 | F1: 0.8681

Matriz de confusión:
[[879341  12861]
 [ 11306  79532]]


======================================================================
Epoch 020/100
LR: 0.00050000
Train Loss: 0.135633
Train Accuracy: 0.9615
Val Loss: 0.158411
Val Accuracy: 0.9660
Val mIoU: 0.8374
Person IoU: 0.7118
Person Recall: 0.9231
Person F1: 0.8316

==============================
MÉTRICAS DE VALIDACIÓN
==============================
Accuracy: 0.9660
mIoU: 0.8374
Macro Precision: 0.8744
Macro Recall: 0.9467
Macro F1: 0.9064

Por clase:
  background      | IoU: 0.9629 | Precision: 0.9921 | Recall: 0.9703 | F1: 0.9811
  person          | IoU: 0.7118 | Precision: 0.7567 | Recall: 0.9231 | F1: 0.8316

Matriz de confusión:
[[867219  26513]
 [  6868  82440]]


======================================================================
Epoch 021/100
LR: 0.00050000
Train Loss: 0.126723
Train Accuracy: 0.9619
Val Loss: 0.091652
Val Accuracy: 0.9844
Val mIoU: 0.9126
Person IoU: 0.8422
Person Recall: 0.9536
Person F1: 0.9144

NUEVO MEJOR MODELO
Best mIoU: 0.9126

==============================
MÉTRICAS DE VALIDACIÓN
==============================
Accuracy: 0.9844
mIoU: 0.9126
Macro Precision: 0.9369
Macro Recall: 0.9704
Macro F1: 0.9529

Por clase:
  background      | IoU: 0.9829 | Precision: 0.9955 | Recall: 0.9873 | F1: 0.9914
  person          | IoU: 0.8422 | Precision: 0.8782 | Recall: 0.9536 | F1: 0.9144

Matriz de confusión:
[[885551  11384]
 [  3998  82107]]


======================================================================
Epoch 022/100
LR: 0.00050000
Train Loss: 0.135312
Train Accuracy: 0.9603
Val Loss: 0.096305
Val Accuracy: 0.9804
Val mIoU: 0.8972
Person IoU: 0.8158
Person Recall: 0.9611
Person F1: 0.8986

==============================
MÉTRICAS DE VALIDACIÓN
==============================
Accuracy: 0.9804
mIoU: 0.8972
Macro Precision: 0.9199
Macro Recall: 0.9717
Macro F1: 0.9439

Por clase:
  background      | IoU: 0.9786 | Precision: 0.9961 | Recall: 0.9823 | F1: 0.9892
  person          | IoU: 0.8158 | Precision: 0.8437 | Recall: 0.9611 | F1: 0.8986

Matriz de confusión:
[[878613  15788]
 [  3444  85195]]


======================================================================
Epoch 023/100
LR: 0.00050000
Train Loss: 0.120148
Train Accuracy: 0.9600
Val Loss: 0.088413
Val Accuracy: 0.9830
Val mIoU: 0.9100
Person IoU: 0.8387
Person Recall: 0.9554
Person F1: 0.9123

==============================
MÉTRICAS DE VALIDACIÓN
==============================
Accuracy: 0.9830
mIoU: 0.9100
Macro Precision: 0.9341
Macro Recall: 0.9706
Macro F1: 0.9514

Por clase:
  background      | IoU: 0.9813 | Precision: 0.9954 | Recall: 0.9858 | F1: 0.9906
  person          | IoU: 0.8387 | Precision: 0.8728 | Recall: 0.9554 | F1: 0.9123

Matriz de confusión:
[[879171  12690]
 [  4068  87111]]


======================================================================
Epoch 024/100
LR: 0.00050000
Train Loss: 0.127035
Train Accuracy: 0.9591
Val Loss: 0.108466
Val Accuracy: 0.9800
Val mIoU: 0.8975
Person IoU: 0.8171
Person Recall: 0.9437
Person F1: 0.8993

==============================
MÉTRICAS DE VALIDACIÓN
==============================
Accuracy: 0.9800
mIoU: 0.8975
Macro Precision: 0.9265
Macro Recall: 0.9637
Macro F1: 0.9441

Por clase:
  background      | IoU: 0.9780 | Precision: 0.9940 | Recall: 0.9838 | F1: 0.9889
  person          | IoU: 0.8171 | Precision: 0.8590 | Recall: 0.9437 | F1: 0.8993

Matriz de confusión:
[[875352  14449]
 [  5247  87992]]


======================================================================
Epoch 025/100
LR: 0.00050000
Train Loss: 0.121853
Train Accuracy: 0.9622
Val Loss: 0.108457
Val Accuracy: 0.9809
Val mIoU: 0.9003
Person IoU: 0.8216
Person Recall: 0.9408
Person F1: 0.9020

==============================
MÉTRICAS DE VALIDACIÓN
==============================
Accuracy: 0.9809
mIoU: 0.9003
Macro Precision: 0.9301
Macro Recall: 0.9629
Macro F1: 0.9457

Por clase:
  background      | IoU: 0.9790 | Precision: 0.9938 | Recall: 0.9850 | F1: 0.9894
  person          | IoU: 0.8216 | Precision: 0.8664 | Recall: 0.9408 | F1: 0.9020

Matriz de confusión:
[[877744  13345]
 [  5444  86507]]


======================================================================
Epoch 026/100
LR: 0.00050000
Train Loss: 0.116893
Train Accuracy: 0.9634
Val Loss: 0.101337
Val Accuracy: 0.9831
Val mIoU: 0.9064
Person IoU: 0.8313
Person Recall: 0.9501
Person F1: 0.9079

==============================
MÉTRICAS DE VALIDACIÓN
==============================
Accuracy: 0.9831
mIoU: 0.9064
Macro Precision: 0.9322
Macro Recall: 0.9682
Macro F1: 0.9493

Por clase:
  background      | IoU: 0.9815 | Precision: 0.9952 | Recall: 0.9862 | F1: 0.9907
  person          | IoU: 0.8313 | Precision: 0.8693 | Recall: 0.9501 | F1: 0.9079

Matriz de confusión:
[[884315  12342]
 [  4309  82074]]


======================================================================
Epoch 027/100
LR: 0.00025000
Train Loss: 0.128450
Train Accuracy: 0.9582
Val Loss: 0.082409
Val Accuracy: 0.9822
Val mIoU: 0.9036
Person IoU: 0.8267
Person Recall: 0.9647
Person F1: 0.9051

==============================
MÉTRICAS DE VALIDACIÓN
==============================
Accuracy: 0.9822
mIoU: 0.9036
Macro Precision: 0.9245
Macro Recall: 0.9743
Macro F1: 0.9477

Por clase:
  background      | IoU: 0.9806 | Precision: 0.9966 | Recall: 0.9839 | F1: 0.9902
  person          | IoU: 0.8267 | Precision: 0.8525 | Recall: 0.9647 | F1: 0.9051

Matriz de confusión:
[[882208  14422]
 [  3051  83359]]


======================================================================
Epoch 028/100
LR: 0.00025000
Train Loss: 0.116600
Train Accuracy: 0.9611
Val Loss: 0.084340
Val Accuracy: 0.9753
Val mIoU: 0.8769
Person IoU: 0.7810
Person Recall: 0.9645
Person F1: 0.8770

==============================
MÉTRICAS DE VALIDACIÓN
==============================
Accuracy: 0.9753
mIoU: 0.8769
Macro Precision: 0.9002
Macro Recall: 0.9704
Macro F1: 0.9316

Por clase:
  background      | IoU: 0.9729 | Precision: 0.9964 | Recall: 0.9764 | F1: 0.9863
  person          | IoU: 0.7810 | Precision: 0.8041 | Recall: 0.9645 | F1: 0.8770

Matriz de confusión:
[[872074  21116]
 [  3190  86660]]


======================================================================
Epoch 029/100
LR: 0.00025000
Train Loss: 0.106079
Train Accuracy: 0.9620
Val Loss: 0.098341
Val Accuracy: 0.9786
Val mIoU: 0.8845
Person IoU: 0.7922
Person Recall: 0.9489
Person F1: 0.8841

==============================
MÉTRICAS DE VALIDACIÓN
==============================
Accuracy: 0.9786
mIoU: 0.8845
Macro Precision: 0.9113
Macro Recall: 0.9652
Macro F1: 0.9362

Por clase:
  background      | IoU: 0.9768 | Precision: 0.9951 | Recall: 0.9814 | F1: 0.9882
  person          | IoU: 0.7922 | Precision: 0.8275 | Recall: 0.9489 | F1: 0.8841

Matriz de confusión:
[[882011  16680]
 [  4311  80038]]


======================================================================
Epoch 030/100
LR: 0.00025000
Train Loss: 0.109275
Train Accuracy: 0.9622
Val Loss: 0.083053
Val Accuracy: 0.9796
Val mIoU: 0.8934
Person IoU: 0.8091
Person Recall: 0.9616
Person F1: 0.8945

==============================
MÉTRICAS DE VALIDACIÓN
==============================
Accuracy: 0.9796
mIoU: 0.8934
Macro Precision: 0.9161
Macro Recall: 0.9715
Macro F1: 0.9416

Por clase:
  background      | IoU: 0.9777 | Precision: 0.9962 | Recall: 0.9814 | F1: 0.9887
  person          | IoU: 0.8091 | Precision: 0.8360 | Recall: 0.9616 | F1: 0.8945

Matriz de confusión:
[[878007  16665]
 [  3389  84979]]


======================================================================
Epoch 031/100
LR: 0.00025000
Train Loss: 0.109995
Train Accuracy: 0.9636
Val Loss: 0.088674
Val Accuracy: 0.9808
Val mIoU: 0.8954
Person IoU: 0.8117
Person Recall: 0.9528
Person F1: 0.8960

==============================
MÉTRICAS DE VALIDACIÓN
==============================
Accuracy: 0.9808
mIoU: 0.8954
Macro Precision: 0.9206
Macro Recall: 0.9681
Macro F1: 0.9427

Por clase:
  background      | IoU: 0.9791 | Precision: 0.9955 | Recall: 0.9835 | F1: 0.9894
  person          | IoU: 0.8117 | Precision: 0.8457 | Recall: 0.9528 | F1: 0.8960

Matriz de confusión:
[[882955  14823]
 [  4026  81236]]


======================================================================
Epoch 032/100
LR: 0.00025000
Train Loss: 0.116371
Train Accuracy: 0.9635
Val Loss: 0.081451
Val Accuracy: 0.9818
Val mIoU: 0.8997
Person IoU: 0.8193
Person Recall: 0.9635
Person F1: 0.9007

==============================
MÉTRICAS DE VALIDACIÓN
==============================
Accuracy: 0.9818
mIoU: 0.8997
Macro Precision: 0.9211
Macro Recall: 0.9735
Macro F1: 0.9453

Por clase:
  background      | IoU: 0.9802 | Precision: 0.9965 | Recall: 0.9835 | F1: 0.9900
  person          | IoU: 0.8193 | Precision: 0.8456 | Recall: 0.9635 | F1: 0.9007

Matriz de confusión:
[[884185  14793]
 [  3070  80992]]


======================================================================
Epoch 033/100
LR: 0.00012500
Train Loss: 0.110530
Train Accuracy: 0.9629
Val Loss: 0.103285
Val Accuracy: 0.9786
Val mIoU: 0.8957
Person IoU: 0.8150
Person Recall: 0.9478
Person F1: 0.8981

==============================
MÉTRICAS DE VALIDACIÓN
==============================
Accuracy: 0.9786
mIoU: 0.8957
Macro Precision: 0.9237
Macro Recall: 0.9649
Macro F1: 0.9431

Por clase:
  background      | IoU: 0.9764 | Precision: 0.9942 | Recall: 0.9820 | F1: 0.9881
  person          | IoU: 0.8150 | Precision: 0.8533 | Recall: 0.9478 | F1: 0.8981

Matriz de confusión:
[[869518  15910]
 [  5093  92519]]


======================================================================
Epoch 034/100
LR: 0.00012500
Train Loss: 0.104641
Train Accuracy: 0.9638
Val Loss: 0.078194
Val Accuracy: 0.9789
Val mIoU: 0.8939
Person IoU: 0.8110
Person Recall: 0.9737
Person F1: 0.8956

==============================
MÉTRICAS DE VALIDACIÓN
==============================
Accuracy: 0.9789
mIoU: 0.8939
Macro Precision: 0.9132
Macro Recall: 0.9766
Macro F1: 0.9420

Por clase:
  background      | IoU: 0.9769 | Precision: 0.9973 | Recall: 0.9795 | F1: 0.9883
  person          | IoU: 0.8110 | Precision: 0.8291 | Recall: 0.9737 | F1: 0.8956

Matriz de confusión:
[[873562  18298]
 [  2396  88784]]


======================================================================
Epoch 035/100
LR: 0.00012500
Train Loss: 0.100298
Train Accuracy: 0.9650
Val Loss: 0.080325
Val Accuracy: 0.9816
Val mIoU: 0.9038
Person IoU: 0.8277
Person Recall: 0.9620
Person F1: 0.9057

==============================
MÉTRICAS DE VALIDACIÓN
==============================
Accuracy: 0.9816
mIoU: 0.9038
Macro Precision: 0.9259
Macro Recall: 0.9728
Macro F1: 0.9478

Por clase:
  background      | IoU: 0.9799 | Precision: 0.9961 | Recall: 0.9836 | F1: 0.9898
  person          | IoU: 0.8277 | Precision: 0.8557 | Recall: 0.9620 | F1: 0.9057

Matriz de confusión:
[[878301  14616]
 [  3427  86696]]


======================================================================
Epoch 036/100
LR: 0.00012500
Train Loss: 0.105532
Train Accuracy: 0.9612
Val Loss: 0.081828
Val Accuracy: 0.9812
Val mIoU: 0.9035
Person IoU: 0.8276
Person Recall: 0.9613
Person F1: 0.9057

==============================
MÉTRICAS DE VALIDACIÓN
==============================
Accuracy: 0.9812
mIoU: 0.9035
Macro Precision: 0.9260
Macro Recall: 0.9723
Macro F1: 0.9476

Por clase:
  background      | IoU: 0.9793 | Precision: 0.9959 | Recall: 0.9833 | F1: 0.9896
  person          | IoU: 0.8276 | Precision: 0.8561 | Recall: 0.9613 | F1: 0.9057

Matriz de confusión:
[[875904  14898]
 [  3572  88666]]


======================================================================
Epoch 037/100
LR: 0.00012500
Train Loss: 0.100857
Train Accuracy: 0.9651
Val Loss: 0.075420
Val Accuracy: 0.9754
Val mIoU: 0.8806
Person IoU: 0.7884
Person Recall: 0.9738
Person F1: 0.8817

==============================
MÉTRICAS DE VALIDACIÓN
==============================
Accuracy: 0.9754
mIoU: 0.8806
Macro Precision: 0.9013
Macro Recall: 0.9747
Macro F1: 0.9340

Por clase:
  background      | IoU: 0.9729 | Precision: 0.9972 | Recall: 0.9756 | F1: 0.9863
  person          | IoU: 0.7884 | Precision: 0.8054 | Recall: 0.9738 | F1: 0.8817

Matriz de confusión:
[[868777  21763]
 [  2419  90081]]


======================================================================
Epoch 038/100
LR: 0.00012500
Train Loss: 0.101204
Train Accuracy: 0.9654
Val Loss: 0.080536
Val Accuracy: 0.9813
Val mIoU: 0.9038
Person IoU: 0.8283
Person Recall: 0.9657
Person F1: 0.9061

==============================
MÉTRICAS DE VALIDACIÓN
==============================
Accuracy: 0.9813
mIoU: 0.9038
Macro Precision: 0.9249
Macro Recall: 0.9743
Macro F1: 0.9478

Por clase:
  background      | IoU: 0.9794 | Precision: 0.9964 | Recall: 0.9829 | F1: 0.9896
  person          | IoU: 0.8283 | Precision: 0.8534 | Recall: 0.9657 | F1: 0.9061

Matriz de confusión:
[[875781  15266]
 [  3153  88840]]


======================================================================
Epoch 039/100
LR: 0.00006250
Train Loss: 0.101054
Train Accuracy: 0.9648
Val Loss: 0.079671
Val Accuracy: 0.9821
Val mIoU: 0.9071
Person IoU: 0.8339
Person Recall: 0.9629
Person F1: 0.9094

==============================
MÉTRICAS DE VALIDACIÓN
==============================
Accuracy: 0.9821
mIoU: 0.9071
Macro Precision: 0.9289
Macro Recall: 0.9735
Macro F1: 0.9498

Por clase:
  background      | IoU: 0.9804 | Precision: 0.9961 | Recall: 0.9841 | F1: 0.9901
  person          | IoU: 0.8339 | Precision: 0.8616 | Recall: 0.9629 | F1: 0.9094

Matriz de confusión:
[[877179  14181]
 [  3399  88281]]


======================================================================
Epoch 040/100
LR: 0.00006250
Train Loss: 0.099637
Train Accuracy: 0.9635
Val Loss: 0.089845
Val Accuracy: 0.9812
Val mIoU: 0.8999
Person IoU: 0.8204
Person Recall: 0.9557
Person F1: 0.9013

==============================
MÉTRICAS DE VALIDACIÓN
==============================
Accuracy: 0.9812
mIoU: 0.8999
Macro Precision: 0.9242
Macro Recall: 0.9697
Macro F1: 0.9455

Por clase:
  background      | IoU: 0.9794 | Precision: 0.9956 | Recall: 0.9837 | F1: 0.9896
  person          | IoU: 0.8204 | Precision: 0.8528 | Recall: 0.9557 | F1: 0.9013

Matriz de confusión:
[[880026  14591]
 [  3913  84510]]


======================================================================
Epoch 041/100
LR: 0.00006250
Train Loss: 0.096098
Train Accuracy: 0.9670
Val Loss: 0.097930
Val Accuracy: 0.9804
Val mIoU: 0.8998
Person IoU: 0.8210
Person Recall: 0.9519
Person F1: 0.9017

Early stopping.
No mejora durante 20 épocas.

Entrenamiento finalizado.
Mejor mIoU: 0.9126
